0
100
90
80
70
60
1
100
90
80
70
60
2
100
90
80
70
60
